// Jest Snapshot v1, https://goo.gl/fbAQLP

exports[`Dashboard should render spinner if data is not loaded 1`] = `
<EnergyMixDashboard>
  <Spin
    size="large"
    spinning={true}
    wrapperClassName=""
  >
    <div
      className="ant-spin ant-spin-lg ant-spin-spinning"
    >
      <span
        className="ant-spin-dot ant-spin-dot-spin"
      >
        <i
          className="ant-spin-dot-item"
        />
        <i
          className="ant-spin-dot-item"
        />
        <i
          className="ant-spin-dot-item"
        />
        <i
          className="ant-spin-dot-item"
        />
      </span>
    </div>
  </Spin>
</EnergyMixDashboard>
`;
